// Jest Snapshot v1, https://goo.gl/fbAQLP

exports[`renders homepage unchanged 1`] = `
<div>
  <div
    class="px-8"
  >
    <main
      class="flex min-h-screen flex-1 flex-col items-center justify-center py-16 sm:w-full sm:flex-col"
    >
      <h1
        class="m-0 text-center text-6xl font-bold"
      >
        Welcome to
         
        <a
          class="text-blue-500 no-underline hover:underline focus:underline active:underline"
          href="https://nextjs.org"
        >
          Next.js!
        </a>
      </h1>
      <p
        class="my-16 text-center text-2xl"
      >
        Get started by editing
         
        <code
          class="rounded-sm bg-neutral-50 p-3 font-mono text-lg"
        >
          pages/index.tsx
        </code>
      </p>
      <div
        class="flex max-w-[800px] flex-wrap items-center justify-center"
      >
        <a
          class="m-4 box-border max-w-[300px] rounded-xl border border-solid border-neutral-200 p-6 text-left text-inherit no-underline transition-colors delay-75 ease-out hover:border-blue-500 hover:text-blue-500"
          href="https://nextjs.org/docs"
        >
          <h2
            class="mb-4 text-2xl font-bold"
          >
            Documentation →
          </h2>
          <p
            class="m-0 text-xl"
          >
            Find in-depth information about Next.js features and API.
          </p>
        </a>
        <a
          class="m-4 box-border max-w-[300px] rounded-xl border border-solid border-neutral-200 p-6 text-left text-inherit no-underline transition-colors delay-75 ease-out hover:border-blue-500 hover:text-blue-500"
          href="https://nextjs.org/learn"
        >
          <h2
            class="mb-4 text-2xl font-bold"
          >
            Learn →
          </h2>
          <p
            class="m-0 text-xl"
          >
            Learn about Next.js in an interactive course with quizzes!
          </p>
        </a>
        <a
          class="m-4 box-border max-w-[300px] rounded-xl border border-solid border-neutral-200 p-6 text-left text-inherit no-underline transition-colors delay-75 ease-out hover:border-blue-500 hover:text-blue-500"
          href="https://github.com/vercel/next.js/tree/master/examples"
        >
          <h2
            class="mb-4 text-2xl font-bold"
          >
            Examples →
          </h2>
          <p
            class="m-0 text-xl"
          >
            Discover and deploy boilerplate example Next.js projects.
          </p>
        </a>
        <a
          class="m-4 box-border max-w-[300px] rounded-xl border border-solid border-neutral-200 p-6 text-left text-inherit no-underline transition-colors delay-75 ease-out hover:border-blue-500 hover:text-blue-500"
          href="https://vercel.com/new?utm_source=create-next-app&utm_medium=default-template&utm_campaign=create-next-app"
        >
          <h2
            class="mb-4 text-2xl font-bold"
          >
            Deploy →
          </h2>
          <p
            class="m-0 text-xl"
          >
            Instantly deploy your Next.js site to a public URL with Vercel.
          </p>
        </a>
      </div>
    </main>
    <footer
      class="flex flex-1 items-center justify-center border-t border-solid border-neutral-200 py-8"
    >
      <a
        class="flex flex-grow items-center justify-center"
        href="https://vercel.com?utm_source=create-next-app&utm_medium=default-template&utm_campaign=create-next-app"
        rel="noopener noreferrer"
        target="_blank"
      >
        Powered by
         
        <span
          class="ml-2 h-4"
        >
          <span
            style="box-sizing: border-box; display: inline-block; overflow: hidden; background: none; opacity: 1; border: 0px; margin: 0px; padding: 0px; position: relative; max-width: 100%;"
          >
            <span
              style="box-sizing: border-box; display: block; background: none; opacity: 1; border: 0px; margin: 0px; padding: 0px; max-width: 100%;"
            >
              <img
                alt=""
                aria-hidden="true"
                src="data:image/svg+xml,%3csvg%20xmlns=%27http://www.w3.org/2000/svg%27%20version=%271.1%27%20width=%2772%27%20height=%2716%27/%3e"
                style="display: block; max-width: 100%; background: none; opacity: 1; border: 0px; margin: 0px; padding: 0px;"
              />
            </span>
            <img
              alt="Vercel Logo"
              data-nimg="intrinsic"
              decoding="async"
              src="data:image/gif;base64,R0lGODlhAQABAIAAAAAAAP///yH5BAEAAAAALAAAAAABAAEAAAIBRAA7"
              style="position: absolute; top: 0px; left: 0px; bottom: 0px; right: 0px; box-sizing: border-box; padding: 0px; margin: auto; display: block; width: 0px; height: 0px; min-width: 100%; max-width: 100%; min-height: 100%; max-height: 100%;"
            />
            <noscript />
          </span>
        </span>
      </a>
    </footer>
  </div>
</div>
`;
